date: datetime normal
search_fs_uuid:
gcry_twofish: crypto
multiboot2: boot gzio video relocator mmap
uhci: pci usb
cmostest:
gcry_rijndael: crypto
echo: extcmd
cpio:
gcry_sha512: crypto
gcry_cast5: crypto
boot:
part_sun:
gzio:
ls: extcmd normal
gfxterm: video extcmd bitmap_scale bitmap font
video:
gcry_tiger: crypto
gcry_serpent: crypto
aout:
gcry_blowfish: crypto
extcmd:
at_keyboard:
minix:
pxe: bufio
reboot:
xnu_uuid: gcry_md5
help: extcmd normal
usbms: usb scsi
usbtest: usb
blocklist:
part_msdos:
gcry_rfc2268: crypto
pbkdf2: crypto
probe: extcmd
gcry_camellia: crypto
fat:
gcry_md4: crypto
parttool: normal
pci:
linux: boot video mmap normal
zfsinfo: zfs
gcry_md5: crypto
fshelp:
usb_keyboard: usb
bitmap_scale: bitmap
ata: pci scsi
gcry_des: crypto
datehook: datetime normal
dm_nv: raid
reiserfs: fshelp
afs_be: fshelp
efiemu: acpi crc normal
gcry_seed: crypto
video_cirrus: video pci video_fb
crypto:
terminal:
jpeg: bufio bitmap
test:
bsd: boot gzio video aout extcmd elf cpuid mmap
memdisk:
cmp: gzio
gfxmenu: gfxterm video trig bitmap_scale bitmap normal font
acpi: gzio extcmd mmap
elf: gzio
affs: fshelp
xfs: fshelp
cpuid: extcmd
crc:
usb: pci
videotest: video gfxmenu font
play:
relocator:
password: crypto normal
mdraid: raid
part_sunpc:
pxecmd: pxe
video_fb: video
sleep: extcmd normal
serial: extcmd terminfo
gcry_rmd160: crypto
gcry_sha256: crypto
search_fs_file:
search: search_fs_uuid extcmd search_fs_file search_label
chain: boot video
memrw: extcmd
cs5536: pci
ata_pthru: ata
gcry_crc: crypto
password_pbkdf2: gcry_sha512 pbkdf2 crypto normal
configfile: normal
befs: fshelp
linux16: boot video mmap
gcry_arcfour: crypto
raid5rec: raid
gettext: gzio normal
hello: extcmd
hashsum: extcmd crypto normal
vga_text:
vbeinfo: vbe
regexp:
gptsync:
part_gpt:
ohci: boot pci usb cs5536
zfs:
bufio:
part_apple:
hdparm: extcmd
bitmap:
true:
terminfo:
hfs:
ntfscomp: ntfs
biosdisk:
ufs1:
915resolution: extcmd
gcry_sha1: crypto
lsmmap:
nilfs2: fshelp
ufs2:
befs_be: fshelp
mmap: boot
png: bufio bitmap
tar:
hfsplus: fshelp
lspci: extcmd pci
tga: bufio bitmap
functional_test: extcmd
scsi:
lvm:
raid:
setpci: extcmd pci
iso9660: fshelp
search_label:
msdospart: parttool
raid6rec: raid
udf: fshelp
vbe: video video_fb
halt: extcmd
keystatus: extcmd
read:
multiboot: boot gzio video relocator mmap
xnu: boot gzio video extcmd bitmap_scale efiemu relocator bitmap normal
normal: boot crypto terminal
loopback: extcmd
part_amiga:
sfs: fshelp
video_bochs: video pci video_fb
jfs:
vbetest: video vbe
cat: gzio extcmd
part_acorn:
afs: fshelp
iorw: extcmd
hexdump: gzio extcmd
gcry_whirlpool: crypto
loadenv: extcmd
minicmd:
drivemap: boot extcmd mmap
example_functional_test: functional_test
font: video bufio
part_bsd:
ext2: fshelp
vga: video video_fb
ntfs: fshelp
